d:\source codes\semicontrolsimulator\x64\debug\controlenginecore.pdb
d:\source codes\semicontrolsimulator\x64\debug\controlenginecore.idb
d:\source codes\semicontrolsimulator\src\controlenginecore\x64\debug\robotsimulator.obj
d:\source codes\semicontrolsimulator\src\controlenginecore\x64\debug\robotcontroller.obj
d:\source codes\semicontrolsimulator\src\controlenginecore\x64\debug\recipemanager.obj
d:\source codes\semicontrolsimulator\src\controlenginecore\x64\debug\recipeexecutor.obj
d:\source codes\semicontrolsimulator\src\controlenginecore\x64\debug\recipe.obj
d:\source codes\semicontrolsimulator\src\controlenginecore\x64\debug\rampsimulator.obj
d:\source codes\semicontrolsimulator\src\controlenginecore\x64\debug\pumpsimulator.obj
d:\source codes\semicontrolsimulator\src\controlenginecore\x64\debug\pumpcontroller.obj
d:\source codes\semicontrolsimulator\src\controlenginecore\x64\debug\pressuresensor.obj
d:\source codes\semicontrolsimulator\src\controlenginecore\x64\debug\motioncontroller.obj
d:\source codes\semicontrolsimulator\src\controlenginecore\x64\debug\machinestatemachine.obj
d:\source codes\semicontrolsimulator\src\controlenginecore\x64\debug\machinemanager.obj
d:\source codes\semicontrolsimulator\src\controlenginecore\x64\debug\machinecontroller.obj
d:\source codes\semicontrolsimulator\src\controlenginecore\x64\debug\machine.obj
d:\source codes\semicontrolsimulator\src\controlenginecore\x64\debug\flowsensor.obj
d:\source codes\semicontrolsimulator\src\controlenginecore\x64\debug\flowcontroller.obj
d:\source codes\semicontrolsimulator\src\controlenginecore\x64\debug\eventlogger.obj
d:\source codes\semicontrolsimulator\src\controlenginecore\x64\debug\device.obj
d:\source codes\semicontrolsimulator\src\controlenginecore\x64\debug\controller.obj
d:\source codes\semicontrolsimulator\src\controlenginecore\x64\debug\alarmmanager.obj
d:\source codes\semicontrolsimulator\src\controlenginecore\x64\debug\vacuumsensor.obj
d:\source codes\semicontrolsimulator\src\controlenginecore\x64\debug\temperaturesensor.obj
d:\source codes\semicontrolsimulator\src\controlenginecore\x64\debug\simulatorbase.obj
d:\source codes\semicontrolsimulator\src\controlenginecore\x64\debug\simulationengine.obj
d:\source codes\semicontrolsimulator\src\controlenginecore\x64\debug\sensor.obj
d:\source codes\semicontrolsimulator\x64\debug\controlenginecore.lib
d:\source codes\semicontrolsimulator\src\controlenginecore\x64\debug\controle.0b0521c5.tlog\cl.command.1.tlog
d:\source codes\semicontrolsimulator\src\controlenginecore\x64\debug\controle.0b0521c5.tlog\cl.items.tlog
d:\source codes\semicontrolsimulator\src\controlenginecore\x64\debug\controle.0b0521c5.tlog\cl.read.1.tlog
d:\source codes\semicontrolsimulator\src\controlenginecore\x64\debug\controle.0b0521c5.tlog\cl.write.1.tlog
d:\source codes\semicontrolsimulator\src\controlenginecore\x64\debug\controle.0b0521c5.tlog\lib-link.read.1.tlog
d:\source codes\semicontrolsimulator\src\controlenginecore\x64\debug\controle.0b0521c5.tlog\lib-link.write.1.tlog
d:\source codes\semicontrolsimulator\src\controlenginecore\x64\debug\controle.0b0521c5.tlog\lib.command.1.tlog
